\BOOKMARK [1][-]{section.1}{\376\377\000L\000e\000a\000r\000n\000i\000n\000g\000\040\000o\000b\000j\000e\000c\000t\000i\000v\000e\000s\000\040\000a\000n\000d\000\040\000m\000o\000d\000u\000l\000e\000\040\000m\000a\000p}{}% 1
\BOOKMARK [1][-]{section.2}{\376\377\000T\000h\000e\000\040\000e\000m\000p\000i\000r\000i\000c\000a\000l\000\040\000q\000u\000e\000s\000t\000i\000o\000n\000\040\000a\000n\000d\000\040\000p\000u\000b\000l\000i\000c\000\040\000b\000e\000n\000c\000h\000m\000a\000r\000k}{}% 2
\BOOKMARK [2][-]{subsection.2.1}{\376\377\000D\000a\000t\000a\000s\000e\000t\000\040\000a\000n\000d\000\040\000t\000a\000r\000g\000e\000t}{section.2}% 3
\BOOKMARK [2][-]{subsection.2.2}{\376\377\000A\000\040\000f\000i\000x\000e\000d\000,\000\040\000l\000e\000a\000k\000a\000g\000e\000-\000r\000e\000s\000i\000s\000t\000a\000n\000t\000\040\000p\000r\000o\000t\000o\000c\000o\000l}{section.2}% 4
\BOOKMARK [2][-]{subsection.2.3}{\376\377\000W\000h\000y\000\040\000t\000h\000e\000\040\000c\000o\000m\000p\000a\000r\000i\000s\000o\000n\000\040\000i\000s\000\040\000p\000a\000i\000r\000e\000d}{section.2}% 5
\BOOKMARK [1][-]{section.3}{\376\377\000E\000v\000a\000l\000u\000a\000t\000i\000o\000n\000:\000\040\000o\000n\000e\000\040\000m\000e\000t\000r\000i\000c\000\040\000c\000a\000n\000n\000o\000t\000\040\000v\000e\000r\000i\000f\000y\000\040\000a\000\040\000m\000o\000d\000e\000l}{}% 6
\BOOKMARK [2][-]{subsection.3.1}{\376\377\000R\000a\000n\000k\000i\000n\000g\000,\000\040\000t\000h\000r\000e\000s\000h\000o\000l\000d\000s\000,\000\040\000a\000n\000d\000\040\000p\000r\000o\000b\000a\000b\000i\000l\000i\000t\000i\000e\000s}{section.3}% 7
\BOOKMARK [2][-]{subsection.3.2}{\376\377\000W\000h\000a\000t\000\040\000a\000\040\000s\000c\000r\000a\000t\000c\000h\000-\000v\000e\000r\000s\000u\000s\000-\000l\000i\000b\000r\000a\000r\000y\000\040\000g\000a\000p\000\040\000c\000a\000n\000\040\000m\000e\000a\000n}{section.3}% 8
\BOOKMARK [1][-]{section.4}{\376\377\000L\000o\000g\000i\000s\000t\000i\000c\000\040\000r\000e\000g\000r\000e\000s\000s\000i\000o\000n\000\040\000f\000r\000o\000m\000\040\000p\000r\000o\000b\000a\000b\000i\000l\000i\000t\000y\000\040\000t\000o\000\040\000c\000o\000d\000e}{}% 9
\BOOKMARK [2][-]{subsection.4.1}{\376\377\000L\000i\000n\000e\000a\000r\000\040\000s\000c\000o\000r\000e\000\040\000a\000n\000d\000\040\000s\000i\000g\000m\000o\000i\000d}{section.4}% 10
\BOOKMARK [2][-]{subsection.4.2}{\376\377\000B\000e\000r\000n\000o\000u\000l\000l\000i\000\040\000l\000i\000k\000e\000l\000i\000h\000o\000o\000d\000\040\000a\000n\000d\000\040\000c\000r\000o\000s\000s\000-\000e\000n\000t\000r\000o\000p\000y}{section.4}% 11
\BOOKMARK [2][-]{subsection.4.3}{\376\377\000G\000r\000a\000d\000i\000e\000n\000t\000\040\000a\000n\000d\000\040\000c\000u\000r\000v\000a\000t\000u\000r\000e}{section.4}% 12
\BOOKMARK [2][-]{subsection.4.4}{\376\377\000R\000e\000u\000s\000a\000b\000l\000e\000\040\000e\000s\000t\000i\000m\000a\000t\000o\000r\000\040\000i\000n\000t\000e\000r\000f\000a\000c\000e}{section.4}% 13
\BOOKMARK [1][-]{section.5}{\376\377\000R\000e\000g\000u\000l\000a\000r\000i\000z\000a\000t\000i\000o\000n\000\040\000a\000n\000d\000\040\000e\000x\000p\000l\000i\000c\000i\000t\000\040\000o\000p\000t\000i\000m\000i\000z\000a\000t\000i\000o\000n}{}% 14
\BOOKMARK [2][-]{subsection.5.1}{\376\377\000L\0002\000\040\000s\000h\000r\000i\000n\000k\000a\000g\000e}{section.5}% 15
\BOOKMARK [2][-]{subsection.5.2}{\376\377\000L\0001\000\040\000s\000p\000a\000r\000s\000i\000t\000y\000\040\000a\000n\000d\000\040\000t\000h\000e\000\040\000p\000r\000o\000x\000i\000m\000a\000l\000\040\000u\000p\000d\000a\000t\000e}{section.5}% 16
\BOOKMARK [2][-]{subsection.5.3}{\376\377\000A\000c\000c\000e\000l\000e\000r\000a\000t\000i\000o\000n\000,\000\040\000r\000e\000s\000t\000a\000r\000t\000,\000\040\000a\000n\000d\000\040\000m\000o\000n\000o\000t\000o\000n\000e\000\040\000a\000c\000c\000e\000p\000t\000a\000n\000c\000e}{section.5}% 17
\BOOKMARK [2][-]{subsection.5.4}{\376\377\000M\000a\000t\000c\000h\000i\000n\000g\000\040\000s\000c\000i\000k\000i\000t\000-\000l\000e\000a\000r\000n\000'\000s\000\040\000p\000e\000n\000a\000l\000t\000y\000\040\000c\000o\000n\000v\000e\000n\000t\000i\000o\000n}{section.5}% 18
\BOOKMARK [1][-]{section.6}{\376\377\000C\000A\000R\000T\000:\000\040\000t\000h\000e\000\040\000r\000e\000u\000s\000a\000b\000l\000e\000\040\000t\000r\000e\000e\000\040\000p\000r\000i\000m\000i\000t\000i\000v\000e}{}% 19
\BOOKMARK [2][-]{subsection.6.1}{\376\377\000W\000e\000i\000g\000h\000t\000e\000d\000\040\000G\000i\000n\000i\000\040\000s\000p\000l\000i\000t\000t\000i\000n\000g}{section.6}% 20
\BOOKMARK [2][-]{subsection.6.2}{\376\377\000W\000h\000y\000\040\000s\000c\000a\000l\000i\000n\000g\000\040\000i\000s\000\040\000u\000n\000n\000e\000c\000e\000s\000s\000a\000r\000y\000\040\000f\000o\000r\000\040\000a\000n\000\040\000o\000r\000d\000i\000n\000a\000r\000y\000\040\000t\000r\000e\000e}{section.6}% 21
\BOOKMARK [2][-]{subsection.6.3}{\376\377\000R\000e\000g\000r\000e\000s\000s\000i\000o\000n\000\040\000a\000n\000d\000\040\000N\000e\000w\000t\000o\000n\000\040\000t\000r\000e\000e\000s}{section.6}% 22
\BOOKMARK [1][-]{section.7}{\376\377\000R\000a\000n\000d\000o\000m\000\040\000f\000o\000r\000e\000s\000t\000s\000:\000\040\000i\000n\000d\000e\000p\000e\000n\000d\000e\000n\000t\000\040\000d\000i\000v\000e\000r\000s\000i\000t\000y}{}% 23
\BOOKMARK [1][-]{section.8}{\376\377\000A\000d\000a\000B\000o\000o\000s\000t\000:\000\040\000s\000e\000q\000u\000e\000n\000t\000i\000a\000l\000\040\000f\000o\000c\000u\000s\000\040\000o\000n\000\040\000d\000i\000f\000f\000i\000c\000u\000l\000t\000\040\000r\000o\000w\000s}{}% 24
\BOOKMARK [2][-]{subsection.8.1}{\376\377\000E\000x\000p\000o\000n\000e\000n\000t\000i\000a\000l\000\040\000l\000o\000s\000s\000\040\000a\000n\000d\000\040\000t\000h\000e\000\040\000w\000e\000i\000g\000h\000t\000e\000d\000\040\000t\000r\000a\000i\000n\000i\000n\000g\000\040\000s\000a\000m\000p\000l\000e}{section.8}% 25
\BOOKMARK [2][-]{subsection.8.2}{\376\377\000D\000e\000r\000i\000v\000i\000n\000g\000\040\000t\000h\000e\000\040\000w\000e\000a\000k\000-\000l\000e\000a\000r\000n\000e\000r\000\040\000c\000o\000e\000f\000f\000i\000c\000i\000e\000n\000t}{section.8}% 26
\BOOKMARK [2][-]{subsection.8.3}{\376\377\000D\000e\000r\000i\000v\000i\000n\000g\000\040\000t\000h\000e\000\040\000o\000b\000s\000e\000r\000v\000a\000t\000i\000o\000n\000-\000w\000e\000i\000g\000h\000t\000\040\000u\000p\000d\000a\000t\000e}{section.8}% 27
\BOOKMARK [1][-]{section.9}{\376\377\000G\000r\000a\000d\000i\000e\000n\000t\000\040\000b\000o\000o\000s\000t\000i\000n\000g\000:\000\040\000d\000e\000s\000c\000e\000n\000t\000\040\000i\000n\000\040\000f\000u\000n\000c\000t\000i\000o\000n\000\040\000s\000p\000a\000c\000e}{}% 28
\BOOKMARK [2][-]{subsection.9.1}{\376\377\000F\000r\000o\000m\000\040\000o\000r\000d\000i\000n\000a\000r\000y\000\040\000g\000r\000a\000d\000i\000e\000n\000t\000\040\000d\000e\000s\000c\000e\000n\000t\000\040\000t\000o\000\040\000a\000\040\000f\000u\000n\000c\000t\000i\000o\000n\000a\000l\000\040\000g\000r\000a\000d\000i\000e\000n\000t}{section.9}% 29
\BOOKMARK [2][-]{subsection.9.2}{\376\377\000B\000i\000n\000a\000r\000y\000\040\000c\000r\000o\000s\000s\000-\000e\000n\000t\000r\000o\000p\000y\000\040\000p\000s\000e\000u\000d\000o\000-\000r\000e\000s\000i\000d\000u\000a\000l\000s}{section.9}% 30
\BOOKMARK [2][-]{subsection.9.3}{\376\377\000D\000e\000r\000i\000v\000i\000n\000g\000\040\000t\000h\000e\000\040\000i\000n\000i\000t\000i\000a\000l\000\040\000c\000o\000n\000s\000t\000a\000n\000t\000\040\000s\000c\000o\000r\000e}{section.9}% 31
\BOOKMARK [2][-]{subsection.9.4}{\376\377\000W\000h\000y\000\040\000a\000\040\000r\000e\000g\000r\000e\000s\000s\000i\000o\000n\000-\000t\000r\000e\000e\000\040\000l\000e\000a\000f\000\040\000s\000t\000o\000r\000e\000s\000\040\000a\000\040\000m\000e\000a\000n\000\040\000p\000s\000e\000u\000d\000o\000-\000r\000e\000s\000i\000d\000u\000a\000l}{section.9}% 32
\BOOKMARK [2][-]{subsection.9.5}{\376\377\000O\000p\000t\000i\000o\000n\000a\000l\000\040\000t\000e\000r\000m\000i\000n\000a\000l\000-\000r\000e\000g\000i\000o\000n\000\040\000o\000p\000t\000i\000m\000i\000z\000a\000t\000i\000o\000n\000\040\000a\000n\000d\000\040\000t\000h\000e\000\040\000b\000r\000i\000d\000g\000e\000\040\000t\000o\000\040\000N\000e\000w\000t\000o\000n\000\040\000b\000o\000o\000s\000t\000i\000n\000g}{section.9}% 33
\BOOKMARK [1][-]{section.10}{\376\377\000X\000G\000B\000o\000o\000s\000t\000-\000s\000t\000y\000l\000e\000\040\000s\000e\000c\000o\000n\000d\000-\000o\000r\000d\000e\000r\000\040\000t\000r\000e\000e\000s}{}% 34
\BOOKMARK [2][-]{subsection.10.1}{\376\377\000S\000t\000e\000p\000\040\0001\000:\000\040\000w\000r\000i\000t\000e\000\040\000t\000h\000e\000\040\000r\000e\000g\000u\000l\000a\000r\000i\000z\000e\000d\000\040\000s\000t\000a\000g\000e\000w\000i\000s\000e\000\040\000o\000b\000j\000e\000c\000t\000i\000v\000e}{section.10}% 35
\BOOKMARK [2][-]{subsection.10.2}{\376\377\000S\000t\000e\000p\000\040\0002\000:\000\040\000t\000a\000k\000e\000\040\000a\000\040\000s\000e\000c\000o\000n\000d\000-\000o\000r\000d\000e\000r\000\040\000T\000a\000y\000l\000o\000r\000\040\000e\000x\000p\000a\000n\000s\000i\000o\000n}{section.10}% 36
\BOOKMARK [2][-]{subsection.10.3}{\376\377\000S\000t\000e\000p\000\040\0003\000:\000\040\000g\000r\000o\000u\000p\000\040\000o\000b\000s\000e\000r\000v\000a\000t\000i\000o\000n\000s\000\040\000b\000y\000\040\000t\000r\000e\000e\000\040\000l\000e\000a\000f}{section.10}% 37
\BOOKMARK [2][-]{subsection.10.4}{\376\377\000S\000t\000e\000p\000\040\0004\000:\000\040\000d\000e\000r\000i\000v\000e\000\040\000t\000h\000e\000\040\000o\000p\000t\000i\000m\000a\000l\000\040\000l\000e\000a\000f\000\040\000v\000a\000l\000u\000e}{section.10}% 38
\BOOKMARK [2][-]{subsection.10.5}{\376\377\000S\000t\000e\000p\000\040\0005\000:\000\040\000d\000e\000r\000i\000v\000e\000\040\000t\000h\000e\000\040\000s\000p\000l\000i\000t\000-\000g\000a\000i\000n\000\040\000f\000o\000r\000m\000u\000l\000a}{section.10}% 39
\BOOKMARK [2][-]{subsection.10.6}{\376\377\000I\000n\000t\000e\000r\000p\000r\000e\000t\000a\000t\000i\000o\000n\000\040\000a\000n\000d\000\040\000r\000e\000l\000a\000t\000i\000o\000n\000\040\000t\000o\000\040\000N\000e\000w\000t\000o\000n\000'\000s\000\040\000m\000e\000t\000h\000o\000d}{section.10}% 40
\BOOKMARK [1][-]{section.11}{\376\377\000L\000i\000g\000h\000t\000G\000B\000M\000-\000s\000t\000y\000l\000e\000\040\000h\000i\000s\000t\000o\000g\000r\000a\000m\000s\000\040\000a\000n\000d\000\040\000l\000e\000a\000f\000-\000w\000i\000s\000e\000\040\000g\000r\000o\000w\000t\000h}{}% 41
\BOOKMARK [1][-]{section.12}{\376\377\000M\000e\000a\000s\000u\000r\000e\000d\000\040\000s\000c\000r\000a\000t\000c\000h\000-\000v\000e\000r\000s\000u\000s\000-\000l\000i\000b\000r\000a\000r\000y\000\040\000r\000e\000s\000u\000l\000t\000s}{}% 42
\BOOKMARK [2][-]{subsection.12.1}{\376\377\000H\000e\000l\000d\000-\000o\000u\000t\000\040\000r\000a\000n\000k\000i\000n\000g\000\040\000c\000o\000n\000s\000i\000s\000t\000e\000n\000c\000y}{section.12}% 43
\BOOKMARK [2][-]{subsection.12.2}{\376\377\000P\000r\000o\000b\000a\000b\000i\000l\000i\000t\000y\000\040\000d\000i\000s\000c\000r\000e\000p\000a\000n\000c\000i\000e\000s\000\040\000a\000r\000e\000\040\000t\000h\000e\000\040\000m\000a\000i\000n\000\040\000t\000e\000a\000c\000h\000i\000n\000g\000\040\000r\000e\000s\000u\000l\000t}{section.12}% 44
\BOOKMARK [2][-]{subsection.12.3}{\376\377\000T\000h\000e\000\040\000u\000n\000r\000e\000g\000u\000l\000a\000r\000i\000z\000e\000d\000\040\000s\000e\000p\000a\000r\000a\000t\000i\000o\000n\000\040\000w\000a\000r\000n\000i\000n\000g}{section.12}% 45
\BOOKMARK [2][-]{subsection.12.4}{\376\377\000P\000a\000r\000a\000m\000e\000t\000e\000r\000\040\000v\000e\000r\000i\000f\000i\000c\000a\000t\000i\000o\000n}{section.12}% 46
\BOOKMARK [1][-]{section.13}{\376\377\000H\000o\000w\000\040\000t\000o\000\040\000i\000n\000t\000e\000r\000p\000r\000e\000t\000\040\000m\000o\000d\000e\000l\000\040\000c\000h\000o\000i\000c\000e\000\040\000r\000e\000s\000p\000o\000n\000s\000i\000b\000l\000y}{}% 47
\BOOKMARK [1][-]{section.14}{\376\377\000C\000o\000m\000m\000o\000n\000\040\000f\000a\000i\000l\000u\000r\000e\000\040\000m\000o\000d\000e\000s\000\040\000a\000n\000d\000\040\000d\000i\000a\000g\000n\000o\000s\000t\000i\000c\000\040\000q\000u\000e\000s\000t\000i\000o\000n\000s}{}% 48
\BOOKMARK [1][-]{section.15}{\376\377\000E\000x\000t\000e\000n\000s\000i\000o\000n\000s}{}% 49
\BOOKMARK [1][-]{appendix.A}{\376\377\000P\000s\000e\000u\000d\000o\000c\000o\000d\000e}{}% 50
\BOOKMARK [2][-]{subsection.A.1}{\376\377\000A\000c\000c\000e\000l\000e\000r\000a\000t\000e\000d\000\040\000p\000r\000o\000x\000i\000m\000a\000l\000\040\000l\000o\000g\000i\000s\000t\000i\000c\000\040\000t\000r\000a\000i\000n\000i\000n\000g}{appendix.A}% 51
\BOOKMARK [2][-]{subsection.A.2}{\376\377\000R\000a\000n\000d\000o\000m\000\040\000f\000o\000r\000e\000s\000t}{appendix.A}% 52
\BOOKMARK [2][-]{subsection.A.3}{\376\377\000N\000e\000w\000t\000o\000n\000\040\000b\000o\000o\000s\000t\000i\000n\000g}{appendix.A}% 53
\BOOKMARK [1][-]{appendix.B}{\376\377\000R\000e\000p\000r\000o\000d\000u\000c\000i\000b\000i\000l\000i\000t\000y\000\040\000c\000o\000m\000m\000a\000n\000d\000s}{}% 54
